// Jest Snapshot v1, https://goo.gl/fbAQLP

exports[`MosaicImage Should display SVG string when mosaicSvgString !== '' 1`] = `
<div
  dangerouslySetInnerHTML={
    Object {
      "__html": "<svg width=\\"100\\" height=\\"100\\"><circle cx=\\"50\\" cy=\\"50\\" r=\\"40\\" stroke=\\"green\\" stroke-width=\\"4\\" fill=\\"yellow\\" /></svg>",
    }
  }
/>
`;

exports[`MosaicImage Should display canvas when mosaicSvgString === '' 1`] = `
<div>
  <canvas />
</div>
`;
